******************************************************************************
                  TI ARM Linker PC v18.12.8                    
******************************************************************************
>> Linked Mon Mar 13 10:01:19 2023

OUTPUT FILE NAME:   <lab4.2.out>
ENTRY POINT SYMBOL: "_c_int00_noargs"  address: 000007c5


MEMORY CONFIGURATION

         name            origin    length      used     unused   attr    fill
----------------------  --------  ---------  --------  --------  ----  --------
  FLASH                 00000000   00040000  000009d4  0003f62c  R  X
  SRAM                  20000000   00008000  0000040e  00007bf2  RW X


SEGMENT ALLOCATION MAP

run origin  load origin   length   init length attrs members
----------  ----------- ---------- ----------- ----- -------
00000000    00000000    000009d8   000009d8    r-x
  00000000    00000000    0000026c   0000026c    r-- .intvecs
  0000026c    0000026c    000005b8   000005b8    r-x .text
  00000828    00000828    000001b0   000001b0    r-- .cinit
20000000    20000000    00000410   00000000    rw-
  20000000    20000000    0000020e   00000000    rw- .data
  20000210    20000210    00000200   00000000    rw- .stack


SECTION ALLOCATION MAP

 output                                  attributes/
section   page    origin      length       input sections
--------  ----  ----------  ----------   ----------------
.intvecs   0    00000000    0000026c     
                  00000000    0000026c     tm4c123gh6pm_startup_ccs.obj (.intvecs)

.text      0    0000026c    000005b8     
                  0000026c    0000036c     library_lab_4.obj (.text)
                  000005d8    0000009c     rtsv7M4_T_le_v4SPD16_eabi.lib : memcpy_t2.asm.obj (.text)
                  00000674    00000068                                   : copy_decompress_lzss.c.obj (.text:decompress:lzss:__TI_decompress_lzss)
                  000006dc    0000005a     lab4.obj (.text)
                  00000736    00000002     --HOLE-- [fill = 0]
                  00000738    00000046     keypad_init.obj (.text)
                  0000077e    00000002     --HOLE-- [fill = 0]
                  00000780    00000044     rtsv7M4_T_le_v4SPD16_eabi.lib : autoinit.c.obj (.text:__TI_auto_init_nobinit_nopinit:__TI_auto_init_nobinit_nopinit)
                  000007c4    00000034                                   : boot_cortex_m.c.obj (.text:_c_int00_noargs:_c_int00_noargs)
                  000007f8    0000000e                                   : copy_decompress_none.c.obj (.text:decompress:none:__TI_decompress_none)
                  00000806    0000000c     tm4c123gh6pm_startup_ccs.obj (.text)
                  00000812    0000000a     main.obj (.text)
                  0000081c    00000004     rtsv7M4_T_le_v4SPD16_eabi.lib : pre_init.c.obj (.text:_system_pre_init)
                  00000820    00000004                                   : exit.c.obj (.text:abort:abort)

.cinit     0    00000828    000001b0     
                  00000828    0000019e     (.cinit..data.load) [load image, compression = lzss]
                  000009c6    00000002     --HOLE-- [fill = 0]
                  000009c8    00000008     (__TI_handler_table)
                  000009d0    00000008     (__TI_cinit_table)

.init_array 
*          0    00000000    00000000     UNINITIALIZED

.data      0    20000000    0000020e     UNINITIALIZED
                  20000000    0000020e     lab4.obj (.data)

.stack     0    20000210    00000200     UNINITIALIZED
                  20000210    00000004     rtsv7M4_T_le_v4SPD16_eabi.lib : boot_cortex_m.c.obj (.stack)
                  20000214    000001fc     --HOLE--

MODULE SUMMARY

       Module                         code   ro data   rw data
       ------                         ----   -------   -------
    .\
       library_lab_4.obj              876    0         0      
       tm4c123gh6pm_startup_ccs.obj   12     620       0      
       lab4.obj                       90     0         526    
       keypad_init.obj                70     0         0      
       main.obj                       10     0         0      
    +--+------------------------------+------+---------+---------+
       Total:                         1058   620       526    
                                                              
    C:\ti\ccs930\ccs\tools\compiler\ti-cgt-arm_18.12.8.LTS\lib\rtsv7M4_T_le_v4SPD16_eabi.lib
       memcpy_t2.asm.obj              156    0         0      
       copy_decompress_lzss.c.obj     104    0         0      
       autoinit.c.obj                 68     0         0      
       boot_cortex_m.c.obj            52     0         0      
       copy_decompress_none.c.obj     14     0         0      
       exit.c.obj                     4      0         0      
       pre_init.c.obj                 4      0         0      
    +--+------------------------------+------+---------+---------+
       Total:                         402    0         0      
                                                              
       Stack:                         0      0         512    
       Linker Generated:              0      430       0      
    +--+------------------------------+------+---------+---------+
       Grand Total:                   1460   1050      1038   


LINKER GENERATED COPY TABLES

__TI_cinit_table @ 000009d0 records: 1, size/record: 8, table size: 8
	.data: load addr=00000828, load size=0000019e bytes, run addr=20000000, run size=0000020e bytes, compression=lzss


LINKER GENERATED HANDLER TABLE

__TI_handler_table @ 000009c8 records: 2, size/record: 4, table size: 8
	index: 0, handler: __TI_decompress_lzss
	index: 1, handler: __TI_decompress_none


GLOBAL SYMBOLS: SORTED ALPHABETICALLY BY Name 

address   name                          
-------   ----                          
00000821  C$$EXIT                       
00000807  ResetISR                      
20000410  __STACK_END                   
00000200  __STACK_SIZE                  
20000410  __STACK_TOP                   
000009d0  __TI_CINIT_Base               
000009d8  __TI_CINIT_Limit              
000009c8  __TI_Handler_Table_Base       
000009d0  __TI_Handler_Table_Limit      
00000781  __TI_auto_init_nobinit_nopinit
00000675  __TI_decompress_lzss          
000007f9  __TI_decompress_none          
ffffffff  __TI_pprof_out_hndl           
ffffffff  __TI_prof_data_size           
ffffffff  __TI_prof_data_start          
00000000  __TI_static_base__            
000005d9  __aeabi_memcpy                
000005d9  __aeabi_memcpy4               
000005d9  __aeabi_memcpy8               
ffffffff  __binit__                     
ffffffff  __c_args__                    
UNDEFED   __mpu_init                    
20000210  __stack                       
000007c5  _c_int00_noargs               
UNDEFED   _system_post_cinit            
0000081d  _system_pre_init              
00000821  abort                         
ffffffff  binit                         
00000000  g_pfnVectors                  
0000026d  gpio_btn_and_LED_init         
000003cb  illuminate_LEDs               
000003e3  illuminate_RGB_LED            
0000074d  keypad_init                   
000006fd  lab4                          
00000813  main                          
000005d9  memcpy                        
00000489  output_character              
00000435  output_string                 
0000045f  read_character                
000002e5  read_from_keypad              
0000035f  read_from_push_btns           
00000409  read_string                   
000003ab  read_tiva_push_button         
000004b3  uart_init                     


GLOBAL SYMBOLS: SORTED BY Symbol Address 

address   name                          
-------   ----                          
00000000  __TI_static_base__            
00000000  g_pfnVectors                  
00000200  __STACK_SIZE                  
0000026d  gpio_btn_and_LED_init         
000002e5  read_from_keypad              
0000035f  read_from_push_btns           
000003ab  read_tiva_push_button         
000003cb  illuminate_LEDs               
000003e3  illuminate_RGB_LED            
00000409  read_string                   
00000435  output_string                 
0000045f  read_character                
00000489  output_character              
000004b3  uart_init                     
000005d9  __aeabi_memcpy                
000005d9  __aeabi_memcpy4               
000005d9  __aeabi_memcpy8               
000005d9  memcpy                        
00000675  __TI_decompress_lzss          
000006fd  lab4                          
0000074d  keypad_init                   
00000781  __TI_auto_init_nobinit_nopinit
000007c5  _c_int00_noargs               
000007f9  __TI_decompress_none          
00000807  ResetISR                      
00000813  main                          
0000081d  _system_pre_init              
00000821  C$$EXIT                       
00000821  abort                         
000009c8  __TI_Handler_Table_Base       
000009d0  __TI_CINIT_Base               
000009d0  __TI_Handler_Table_Limit      
000009d8  __TI_CINIT_Limit              
20000210  __stack                       
20000410  __STACK_END                   
20000410  __STACK_TOP                   
ffffffff  __TI_pprof_out_hndl           
ffffffff  __TI_prof_data_size           
ffffffff  __TI_prof_data_start          
ffffffff  __binit__                     
ffffffff  __c_args__                    
ffffffff  binit                         
UNDEFED   __mpu_init                    
UNDEFED   _system_post_cinit            

[44 symbols]
