******************************************************************************
                  TI ARM Linker PC v18.12.8                    
******************************************************************************
>> Linked Tue Mar 14 13:52:08 2023

OUTPUT FILE NAME:   <lab4.2.out>
ENTRY POINT SYMBOL: "_c_int00_noinit_noargs"  address: 00000649


MEMORY CONFIGURATION

         name            origin    length      used     unused   attr    fill
----------------------  --------  ---------  --------  --------  ----  --------
  FLASH                 00000000   00040000  0000069c  0003f964  R  X
  SRAM                  20000000   00008000  00000550  00007ab0  RW X


SEGMENT ALLOCATION MAP

run origin  load origin   length   init length attrs members
----------  ----------- ---------- ----------- ----- -------
00000000    00000000    0000069c   0000069c    r-x
  00000000    00000000    0000026c   0000026c    r-- .intvecs
  0000026c    0000026c    00000430   00000430    r-x .text
20000000    20000000    00000350   00000350    r-x
  20000000    20000000    00000350   00000350    r-x .data
20000350    20000350    00000200   00000000    rw-
  20000350    20000350    00000200   00000000    rw- .stack


SECTION ALLOCATION MAP

 output                                  attributes/
section   page    origin      length       input sections
--------  ----  ----------  ----------   ----------------
.intvecs   0    00000000    0000026c     
                  00000000    0000026c     tm4c123gh6pm_startup_ccs.obj (.intvecs)

.text      0    0000026c    00000430     
                  0000026c    0000036c     library_lab_4.obj (.text)
                  000005d8    00000070     keypad_init.obj (.text)
                  00000648    0000002c     rtsv7M4_T_le_v4SPD16_eabi.lib : boot_cortex_m.c.obj (.text:_c_int00_noinit_noargs:_c_int00_noinit_noargs)
                  00000674    0000000c     tm4c123gh6pm_startup_ccs.obj (.text)
                  00000680    0000000a     main.obj (.text)
                  0000068a    00000004     rtsv7M4_T_le_v4SPD16_eabi.lib : pre_init.c.obj (.text:_system_pre_init)
                  0000068e    00000004                                   : exit.c.obj (.text:abort:abort)
                  00000692    00000002     --HOLE-- [fill = 0]
                  00000694    00000008     lab4.obj (.tramp.lab4.1)

.cinit     0    00000000    00000000     UNINITIALIZED

.init_array 
*          0    00000000    00000000     UNINITIALIZED

.data      0    20000000    00000350     
                  20000000    000002f0     lab4.obj (.data)
                  200002f0    00000008     library_lab_4.obj (.tramp.read_from_keypad.1)
                  200002f8    00000008     library_lab_4.obj (.tramp.illuminate_RGB_LED.1)
                  20000300    00000008     library_lab_4.obj (.tramp.illuminate_LEDs.1)
                  20000308    00000008     library_lab_4.obj (.tramp.string2int.1)
                  20000310    00000008     library_lab_4.obj (.tramp.read_string.1)
                  20000318    00000008     library_lab_4.obj (.tramp.read_from_push_btns.1)
                  20000320    00000008     library_lab_4.obj (.tramp.read_tiva_push_button.1)
                  20000328    00000008     library_lab_4.obj (.tramp.gpio_btn_and_LED_init.1)
                  20000330    00000008     library_lab_4.obj (.tramp.output_character.1)
                  20000338    00000008     library_lab_4.obj (.tramp.read_character.1)
                  20000340    00000008     library_lab_4.obj (.tramp.output_string.1)
                  20000348    00000008     library_lab_4.obj (.tramp.uart_init.1)

.stack     0    20000350    00000200     UNINITIALIZED
                  20000350    00000004     rtsv7M4_T_le_v4SPD16_eabi.lib : boot_cortex_m.c.obj (.stack)
                  20000354    000001fc     --HOLE--

MODULE SUMMARY

       Module                         code   ro data   rw data
       ------                         ----   -------   -------
    .\
       library_lab_4.obj              972    0         0      
       lab4.obj                       760    0         0      
       tm4c123gh6pm_startup_ccs.obj   12     620       0      
       keypad_init.obj                112    0         0      
       main.obj                       10     0         0      
    +--+------------------------------+------+---------+---------+
       Total:                         1866   620       0      
                                                              
    C:\ti\ccs930\ccs\tools\compiler\ti-cgt-arm_18.12.8.LTS\lib\rtsv7M4_T_le_v4SPD16_eabi.lib
       boot_cortex_m.c.obj            44     0         0      
       exit.c.obj                     4      0         0      
       pre_init.c.obj                 4      0         0      
    +--+------------------------------+------+---------+---------+
       Total:                         52     0         0      
                                                              
       Stack:                         0      0         512    
    +--+------------------------------+------+---------+---------+
       Grand Total:                   1918   620       512    


FAR CALL TRAMPOLINES

callee name               trampoline name
   callee addr  tramp addr   call addr  call info
--------------  -----------  ---------  ----------------
lab4                      $Tramp$TT$L$PI$$lab4
   2000020d     00000694     00000682   main.obj (.text)
read_from_keypad          $Tramp$TT$L$PI$$read_from_keypad
   000002e5     200002f0     200002ba   lab4.obj (.data)
                             200002e0   lab4.obj (.data)
illuminate_RGB_LED        $Tramp$TT$L$PI$$illuminate_RGB_LED
   000003e3     200002f8     200002aa   lab4.obj (.data)
illuminate_LEDs           $Tramp$TT$L$PI$$illuminate_LEDs
   000003cb     20000300     20000286   lab4.obj (.data)
                             200002e4   lab4.obj (.data)
string2int                $Tramp$TT$L$PI$$string2int
   000005b1     20000308     2000027a   lab4.obj (.data)
read_string               $Tramp$TT$L$PI$$read_string
   00000409     20000310     20000272   lab4.obj (.data)
read_from_push_btns       $Tramp$TT$L$PI$$read_from_push_btns
   0000035f     20000318     2000025e   lab4.obj (.data)
read_tiva_push_button     $Tramp$TT$L$PI$$read_tiva_push_button
   000003ab     20000320     2000024a   lab4.obj (.data)
gpio_btn_and_LED_init     $Tramp$TT$L$PI$$gpio_btn_and_LED_init
   0000026d     20000328     20000246   lab4.obj (.data)
                             2000025a   lab4.obj (.data)
                             20000280   lab4.obj (.data)
                             200002a4   lab4.obj (.data)
output_character          $Tramp$TT$L$PI$$output_character
   00000489     20000330     20000220   lab4.obj (.data)
                             2000029a   lab4.obj (.data)
                             200002d2   lab4.obj (.data)
read_character            $Tramp$TT$L$PI$$read_character
   0000045f     20000338     2000021c   lab4.obj (.data)
                             20000296   lab4.obj (.data)
                             200002ce   lab4.obj (.data)
output_string             $Tramp$TT$L$PI$$output_string
   00000435     20000340     20000218   lab4.obj (.data)
                             20000242   lab4.obj (.data)
                             20000256   lab4.obj (.data)
                             2000026a   lab4.obj (.data)
                             20000292   lab4.obj (.data)
                             200002b6   lab4.obj (.data)
                             200002ca   lab4.obj (.data)
uart_init                 $Tramp$TT$L$PI$$uart_init
   000004b3     20000348     2000020e   lab4.obj (.data)
                             200002c0   lab4.obj (.data)

[13 trampolines]
[29 trampoline calls]


GLOBAL SYMBOLS: SORTED ALPHABETICALLY BY Name 

address   name                  
-------   ----                  
0000068f  C$$EXIT               
00000675  ResetISR              
20000550  __STACK_END           
00000200  __STACK_SIZE          
20000550  __STACK_TOP           
ffffffff  __TI_pprof_out_hndl   
ffffffff  __TI_prof_data_size   
ffffffff  __TI_prof_data_start  
00000000  __TI_static_base__    
ffffffff  __binit__             
ffffffff  __c_args__            
UNDEFED   __mpu_init            
20000350  __stack               
00000649  _c_int00_noinit_noargs
0000068b  _system_pre_init      
0000068f  abort                 
ffffffff  binit                 
00000000  g_pfnVectors          
0000026d  gpio_btn_and_LED_init 
000003cb  illuminate_LEDs       
000003e3  illuminate_RGB_LED    
0000055b  int2string            
000005e5  keypad_init           
2000020d  lab4                  
00000681  main                  
00000489  output_character      
00000435  output_string         
0000045f  read_character        
000002e5  read_from_keypad      
0000035f  read_from_push_btns   
00000409  read_string           
000003ab  read_tiva_push_button 
000005b1  string2int            
000004b3  uart_init             


GLOBAL SYMBOLS: SORTED BY Symbol Address 

address   name                  
-------   ----                  
00000000  __TI_static_base__    
00000000  g_pfnVectors          
00000200  __STACK_SIZE          
0000026d  gpio_btn_and_LED_init 
000002e5  read_from_keypad      
0000035f  read_from_push_btns   
000003ab  read_tiva_push_button 
000003cb  illuminate_LEDs       
000003e3  illuminate_RGB_LED    
00000409  read_string           
00000435  output_string         
0000045f  read_character        
00000489  output_character      
000004b3  uart_init             
0000055b  int2string            
000005b1  string2int            
000005e5  keypad_init           
00000649  _c_int00_noinit_noargs
00000675  ResetISR              
00000681  main                  
0000068b  _system_pre_init      
0000068f  C$$EXIT               
0000068f  abort                 
2000020d  lab4                  
20000350  __stack               
20000550  __STACK_END           
20000550  __STACK_TOP           
ffffffff  __TI_pprof_out_hndl   
ffffffff  __TI_prof_data_size   
ffffffff  __TI_prof_data_start  
ffffffff  __binit__             
ffffffff  __c_args__            
ffffffff  binit                 
UNDEFED   __mpu_init            

[34 symbols]
