******************************************************************************
                  TI ARM Linker PC v18.12.8                    
******************************************************************************
>> Linked Fri Mar 10 10:49:39 2023

OUTPUT FILE NAME:   <lab4.2.out>
ENTRY POINT SYMBOL: "_c_int00_noargs"  address: 00000761


MEMORY CONFIGURATION

         name            origin    length      used     unused   attr    fill
----------------------  --------  ---------  --------  --------  ----  --------
  FLASH                 00000000   00040000  0000089c  0003f764  R  X
  SRAM                  20000000   00008000  00000338  00007cc8  RW X


SEGMENT ALLOCATION MAP

run origin  load origin   length   init length attrs members
----------  ----------- ---------- ----------- ----- -------
00000000    00000000    0000089c   0000089c    r-x
  00000000    00000000    0000026c   0000026c    r-- .intvecs
  0000026c    0000026c    00000554   00000554    r-x .text
  000007c0    000007c0    000000dc   000000dc    r-- .cinit
20000000    20000000    00000338   00000000    rw-
  20000000    20000000    00000200   00000000    rw- .stack
  20000200    20000200    00000138   00000000    rw- .data


SECTION ALLOCATION MAP

 output                                  attributes/
section   page    origin      length       input sections
--------  ----  ----------  ----------   ----------------
.intvecs   0    00000000    0000026c     
                  00000000    0000026c     tm4c123gh6pm_startup_ccs.obj (.intvecs)

.text      0    0000026c    00000554     
                  0000026c    0000030a     library_lab_4.obj (.text)
                  00000576    00000002     --HOLE-- [fill = 0]
                  00000578    000000a0     lab4.obj (.text)
                  00000618    0000009c     rtsv7M4_T_le_v4SPD16_eabi.lib : memcpy_t2.asm.obj (.text)
                  000006b4    00000068                                   : copy_decompress_lzss.c.obj (.text:decompress:lzss:__TI_decompress_lzss)
                  0000071c    00000044                                   : autoinit.c.obj (.text:__TI_auto_init_nobinit_nopinit:__TI_auto_init_nobinit_nopinit)
                  00000760    00000034                                   : boot_cortex_m.c.obj (.text:_c_int00_noargs:_c_int00_noargs)
                  00000794    0000000e                                   : copy_decompress_none.c.obj (.text:decompress:none:__TI_decompress_none)
                  000007a2    0000000c     tm4c123gh6pm_startup_ccs.obj (.text)
                  000007ae    0000000a     main.obj (.text)
                  000007b8    00000004     rtsv7M4_T_le_v4SPD16_eabi.lib : pre_init.c.obj (.text:_system_pre_init)
                  000007bc    00000004                                   : exit.c.obj (.text:abort:abort)

.cinit     0    000007c0    000000dc     
                  000007c0    000000cc     (.cinit..data.load) [load image, compression = lzss]
                  0000088c    00000008     (__TI_handler_table)
                  00000894    00000008     (__TI_cinit_table)

.init_array 
*          0    00000000    00000000     UNINITIALIZED

.data      0    20000200    00000138     UNINITIALIZED
                  20000200    00000138     lab4.obj (.data)

.stack     0    20000000    00000200     UNINITIALIZED
                  20000000    00000004     rtsv7M4_T_le_v4SPD16_eabi.lib : boot_cortex_m.c.obj (.stack)
                  20000004    000001fc     --HOLE--

MODULE SUMMARY

       Module                         code   ro data   rw data
       ------                         ----   -------   -------
    .\
       library_lab_4.obj              778    0         0      
       tm4c123gh6pm_startup_ccs.obj   12     620       0      
       lab4.obj                       160    0         312    
       main.obj                       10     0         0      
    +--+------------------------------+------+---------+---------+
       Total:                         960    620       312    
                                                              
    C:\ti\ccs930\ccs\tools\compiler\ti-cgt-arm_18.12.8.LTS\lib\rtsv7M4_T_le_v4SPD16_eabi.lib
       memcpy_t2.asm.obj              156    0         0      
       copy_decompress_lzss.c.obj     104    0         0      
       autoinit.c.obj                 68     0         0      
       boot_cortex_m.c.obj            52     0         0      
       copy_decompress_none.c.obj     14     0         0      
       exit.c.obj                     4      0         0      
       pre_init.c.obj                 4      0         0      
    +--+------------------------------+------+---------+---------+
       Total:                         402    0         0      
                                                              
       Stack:                         0      0         512    
       Linker Generated:              0      220       0      
    +--+------------------------------+------+---------+---------+
       Grand Total:                   1362   840       824    


LINKER GENERATED COPY TABLES

__TI_cinit_table @ 00000894 records: 1, size/record: 8, table size: 8
	.data: load addr=000007c0, load size=000000cc bytes, run addr=20000200, run size=00000138 bytes, compression=lzss


LINKER GENERATED HANDLER TABLE

__TI_handler_table @ 0000088c records: 2, size/record: 4, table size: 8
	index: 0, handler: __TI_decompress_lzss
	index: 1, handler: __TI_decompress_none


GLOBAL SYMBOLS: SORTED ALPHABETICALLY BY Name 

address   name                          
-------   ----                          
000007bd  C$$EXIT                       
000007a3  ResetISR                      
20000200  __STACK_END                   
00000200  __STACK_SIZE                  
20000200  __STACK_TOP                   
00000894  __TI_CINIT_Base               
0000089c  __TI_CINIT_Limit              
0000088c  __TI_Handler_Table_Base       
00000894  __TI_Handler_Table_Limit      
0000071d  __TI_auto_init_nobinit_nopinit
000006b5  __TI_decompress_lzss          
00000795  __TI_decompress_none          
ffffffff  __TI_pprof_out_hndl           
ffffffff  __TI_prof_data_size           
ffffffff  __TI_prof_data_start          
00000000  __TI_static_base__            
00000619  __aeabi_memcpy                
00000619  __aeabi_memcpy4               
00000619  __aeabi_memcpy8               
ffffffff  __binit__                     
ffffffff  __c_args__                    
UNDEFED   __mpu_init                    
20000000  __stack                       
00000761  _c_int00_noargs               
UNDEFED   _system_post_cinit            
000007b9  _system_pre_init              
000007bd  abort                         
ffffffff  binit                         
00000000  g_pfnVectors                  
0000043d  gpio_btn_and_LED_init         
00000535  illuminate_LEDs               
00000551  illuminate_RGB_LED            
0000059d  lab4                          
000007af  main                          
00000619  memcpy                        
200002e3  num_1_string                  
2000030d  num_2_string                  
000002ed  output_character              
00000299  output_string                 
20000234  prompt                        
000002c3  read_character                
000004c5  read_from_push_btns           
0000026d  read_string                   
00000515  read_tiva_push_button         
00000317  uart_init                     


GLOBAL SYMBOLS: SORTED BY Symbol Address 

address   name                          
-------   ----                          
00000000  __TI_static_base__            
00000000  g_pfnVectors                  
00000200  __STACK_SIZE                  
0000026d  read_string                   
00000299  output_string                 
000002c3  read_character                
000002ed  output_character              
00000317  uart_init                     
0000043d  gpio_btn_and_LED_init         
000004c5  read_from_push_btns           
00000515  read_tiva_push_button         
00000535  illuminate_LEDs               
00000551  illuminate_RGB_LED            
0000059d  lab4                          
00000619  __aeabi_memcpy                
00000619  __aeabi_memcpy4               
00000619  __aeabi_memcpy8               
00000619  memcpy                        
000006b5  __TI_decompress_lzss          
0000071d  __TI_auto_init_nobinit_nopinit
00000761  _c_int00_noargs               
00000795  __TI_decompress_none          
000007a3  ResetISR                      
000007af  main                          
000007b9  _system_pre_init              
000007bd  C$$EXIT                       
000007bd  abort                         
0000088c  __TI_Handler_Table_Base       
00000894  __TI_CINIT_Base               
00000894  __TI_Handler_Table_Limit      
0000089c  __TI_CINIT_Limit              
20000000  __stack                       
20000200  __STACK_END                   
20000200  __STACK_TOP                   
20000234  prompt                        
200002e3  num_1_string                  
2000030d  num_2_string                  
ffffffff  __TI_pprof_out_hndl           
ffffffff  __TI_prof_data_size           
ffffffff  __TI_prof_data_start          
ffffffff  __binit__                     
ffffffff  __c_args__                    
ffffffff  binit                         
UNDEFED   __mpu_init                    
UNDEFED   _system_post_cinit            

[45 symbols]
